1	1	string	'adsfasdfasdfaf32 fasdf (0 {]32fd '
3	1	error	BadNL
