1	1	reserved_word	begin
2	3	identifier	i
2	6	operator	:=
2	9	identifier	l
2	11	limiter	;
2	13	identifier	j
2	16	operator	:=
2	19	identifier	r
2	21	limiter	;
3	3	identifier	q
3	6	operator	:=
3	9	identifier	a
3	11	limiter	[
3	12	limiter	(
3	13	identifier	l
3	16	operator	+
3	19	identifier	r
3	21	limiter	)
3	23	operator	div
3	28	integer	2
3	30	limiter	]
3	31	limiter	;
4	3	reserved_word	repeat
5	4	reserved_word	while
5	11	limiter	(
5	12	identifier	a
5	14	limiter	[
5	15	identifier	i
5	17	limiter	]
5	19	operator	<
5	22	identifier	q
5	24	limiter	)
5	26	reserved_word	do
5	30	identifier	inc
5	34	limiter	(
5	35	identifier	i
5	37	limiter	)
5	38	limiter	;
6	5	reserved_word	while
6	12	limiter	(
6	13	identifier	q
6	16	operator	<
6	19	identifier	a
6	21	limiter	[
6	22	identifier	j
6	24	limiter	]
6	25	limiter	)
6	27	reserved_word	do
6	31	identifier	dec
6	35	limiter	(
6	36	identifier	j
6	38	limiter	)
6	39	limiter	;
7	5	reserved_word	if
7	9	limiter	(
7	10	identifier	i
7	13	operator	<=
7	16	identifier	j
7	18	limiter	)
7	20	reserved_word	then
8	5	reserved_word	begin
9	7	identifier	w
9	10	operator	:=
9	13	identifier	a
9	15	limiter	[
9	16	identifier	i
9	18	limiter	]
9	19	limiter	;
10	7	identifier	a
10	9	limiter	[
10	10	identifier	i
10	12	limiter	]
10	14	operator	:=
10	17	identifier	a
10	19	limiter	[
10	20	identifier	j
10	22	limiter	]
10	23	limiter	;
11	7	identifier	a
11	9	limiter	[
11	10	identifier	j
11	12	limiter	]
11	14	operator	:=
11	17	identifier	w
11	19	limiter	;
12	7	identifier	inc
12	11	limiter	(
12	12	identifier	i
12	14	limiter	)
12	15	limiter	;
12	17	identifier	dec
12	21	limiter	(
12	22	identifier	j
12	24	limiter	)
12	25	limiter	;
13	5	reserved_word	end
13	9	limiter	;
14	3	reserved_word	until
14	10	limiter	(
14	11	identifier	i
14	14	operator	>
14	17	identifier	j
14	19	limiter	)
14	20	limiter	;
15	3	reserved_word	if
15	7	limiter	(
15	8	identifier	l
15	11	operator	<
15	14	identifier	j
15	16	limiter	)
15	18	reserved_word	then
15	24	identifier	qSort
15	30	limiter	(
15	31	identifier	l
15	33	limiter	,
15	35	identifier	j
15	37	limiter	)
15	38	limiter	;
16	3	reserved_word	if
16	7	limiter	(
16	8	identifier	i
16	11	operator	<
16	14	identifier	r
16	16	limiter	)
16	18	reserved_word	then
16	24	identifier	qSort
16	30	limiter	(
16	31	identifier	i
16	33	limiter	,
16	35	identifier	r
16	37	limiter	)
16	38	limiter	;
17	1	reserved_word	end
17	5	limiter	;
