1	1	identifier	ad
1	5	identifier	a
1	8	identifier	b
1	11	identifier	fd_4
