1	1	identifier	foo
1	5	limiter	(
1	6	limiter	)
3	1	comment	{многострочный 
	комментарий}
4	1	identifier	a
4	4	identifier	b
