1	1	reserved_word	begin
2	2	hex	$5A3
3	1	error	NoHex
