1	1	real	4.4e+231
2	1	real	1.45e-45
3	1	real	1.765e234
4	1	real	123.11E-3232
